A11Y CLOSURE AUDIT
UTC: 20260817T191705Z

--- static scan ---
METADATA /home/ubuntu/pmd/app/money/page.tsx: الفلوس | مساحتي
METADATA /home/ubuntu/pmd/app/religious/page.tsx: القسم الديني | مساحتي
METADATA /home/ubuntu/pmd/app/reminders/page.tsx: التذكيرات | مساحتي
--- typecheck ---
--- lint ---
$ eslint .
--- build ---
$ next build
▲ Next.js 16.3.0 (Turbopack)
✓ Running next.config.mjs took 10ms

⚠ The "middleware" file convention is deprecated. Please use "proxy" instead.

  To migrate automatically, run:
  npx @next/codemod@canary middleware-to-proxy .

  Learn more: https://nextjs.org/docs/messages/middleware-to-proxy
  Creating an optimized production build ...
✓ Compiled successfully in 2.4s
  Running TypeScript ...
  Finished TypeScript in 1941ms ...
  Collecting page data using 5 workers ...
  Generating static pages using 5 workers (0/27) ...
  Generating static pages using 5 workers (6/27)
  Generating static pages using 5 workers (13/27)
  Generating static pages using 5 workers (20/27)
✓ Generating static pages using 5 workers (27/27) in 366ms
  Finalizing page optimization ...

Route (app)
┌ ○ /
├ ○ /_not-found
├ ○ /account
├ ƒ /api/account
├ ƒ /api/account/export
├ ƒ /api/archive
├ ƒ /api/archive/[kind]/[id]
├ ƒ /api/auth/[...all]
├ ƒ /api/calendar-events
├ ƒ /api/calendar-events/[id]
├ ƒ /api/clients
├ ƒ /api/clients/[id]
├ ƒ /api/clients/[id]/restore
├ ƒ /api/daily-plan
├ ƒ /api/daily-plan/[id]
├ ƒ /api/entertainment
├ ƒ /api/entertainment/[id]
├ ƒ /api/finance
├ ƒ /api/finance/[id]
├ ƒ /api/finance/budget
├ ƒ /api/goals
├ ƒ /api/goals/[id]
├ ƒ /api/habits
├ ƒ /api/habits/[id]
├ ƒ /api/journal
├ ƒ /api/journal/[id]
├ ƒ /api/notes
├ ƒ /api/notes/[id]
├ ƒ /api/profile
├ ƒ /api/projects
├ ƒ /api/projects/[id]
├ ƒ /api/projects/[id]/pricing
├ ƒ /api/projects/[id]/updates
├ ƒ /api/projects/pricing
├ ƒ /api/projects/pricing/[pricingId]
├ ƒ /api/projects/updates
├ ƒ /api/religious
├ ƒ /api/religious/quran
├ ƒ /api/religious/reciters
├ ƒ /api/religious/timings
├ ƒ /api/reminders
├ ƒ /api/reminders/[id]
├ ƒ /api/review
├ ƒ /api/tasks
├ ƒ /api/tasks/[id]
├ ƒ /api/tasks/[id]/subtasks
├ ƒ /api/tasks/[id]/subtasks/[subtaskId]
├ ƒ /api/workspaces
├ ○ /archive
├ ○ /board
├ ○ /calendar
├ ○ /daily-plan
├ ○ /design-system
├ ○ /entertainment
├ ○ /goals
├ ○ /habits
├ ○ /journal
├ ○ /login
├ ○ /money
├ ○ /notes
├ ○ /offline
├ ○ /onboarding
├ ○ /projects
├ ○ /religious
├ ○ /reminders
├ ○ /review
├ ○ /tasks
└ ○ /workspace


ƒ Proxy (Middleware)

○  (Static)   prerendered as static content
ƒ  (Dynamic)  server-rendered on demand

--- ownership ---
route_count=45
routes_with_session=41
routes_with_visible_ownership=41
missing_session_routes:
missing_visible_ownership_routes:
ownership_audit=PASS
--- responsive ---
{
  "total": 34,
  "failures": [],
  "reportPath": "/home/ubuntu/pmd/docs/responsive-audit-results.json"
}
--- accessibility ---
{
  "total": 34,
  "failures": 0,
  "reportPath": "/home/ubuntu/pmd/docs/accessibility-audit-results.json",
  "failureSummary": []
}
--- git status ---
 [31mM[m docs/responsive-audit-results.json
 [31mM[m docs/responsive-screenshots/mobile-home.png
 [31mM[m docs/responsive-screenshots/mobile-onboarding.png
 [31mM[m docs/responsive-screenshots/mobile-religious.png
 [31mM[m docs/responsive-screenshots/mobile-review.png
 [31mM[m docs/responsive-screenshots/tablet-home.png
 [31mM[m docs/responsive-screenshots/tablet-onboarding.png
 [31mM[m docs/responsive-screenshots/tablet-religious.png
 [31mM[m docs/responsive-screenshots/tablet-review.png
[31m??[m tsconfig.tsbuildinfo
[31m??[m verification/a11y-closure-quality-20260817T191705Z.log
