STAMP=20260817T165700Z
=== OWNERSHIP ===
route_count=45
routes_with_session=41
routes_with_visible_ownership=41
missing_session_routes:
missing_visible_ownership_routes:
ownership_audit=PASS
OWNERSHIP_STATUS=0
=== RESPONSIVE ===
{
  "total": 34,
  "failures": [],
  "reportPath": "/home/ubuntu/pmd/docs/responsive-audit-results.json"
}
RESPONSIVE_STATUS=0
=== ACCESSIBILITY ===
{
  "total": 34,
  "failures": 0,
  "reportPath": "/home/ubuntu/pmd/docs/accessibility-audit-results.json",
  "failureSummary": []
}
ACCESSIBILITY_STATUS=0
