Entertainment error live-region audits — 2026-08-17T18:11Z
--- Ownership ---
route_count=45
routes_with_session=41
routes_with_visible_ownership=41
missing_session_routes:
missing_visible_ownership_routes:
ownership_audit=PASS
--- Responsive ---
{
  "total": 34,
  "failures": [],
  "reportPath": "/home/ubuntu/pmd/docs/responsive-audit-results.json"
}
--- Accessibility ---
{
  "total": 34,
  "failures": 0,
  "reportPath": "/home/ubuntu/pmd/docs/accessibility-audit-results.json",
  "failureSummary": []
}
