Final route smoke UTC=2026-08-17T21:37:14Z
/                  HTTP=200
/account           HTTP=200
/archive           HTTP=200
/board             HTTP=200
/calendar          HTTP=200
/daily-plan        HTTP=200
/design-system     HTTP=200
/entertainment     HTTP=200
/goals             HTTP=200
/habits            HTTP=200
/journal           HTTP=200
/login             HTTP=200
/money             HTTP=200
/notes             HTTP=200
/offline           HTTP=200
/onboarding        HTTP=200
/projects          HTTP=200
/religious         HTTP=200
/reminders         HTTP=200
/review            HTTP=200
/tasks             HTTP=200
/workspace         HTTP=200
PAGE_PASS=22 PAGE_FAIL=0
GET      /api/workspaces                                         HTTP=401
GET      /api/projects                                           HTTP=401
GET      /api/finance                                            HTTP=401
POST     /api/projects/pricing/test-pricing-id/collect           HTTP=401
