AUDITS_START=2026-08-17T13:46:12Z

[OWNERSHIP]
route_count=45
routes_with_session=41
routes_with_visible_ownership=41
missing_session_routes:
missing_visible_ownership_routes:
ownership_audit=PASS
OWNERSHIP_EXIT=0

[RESPONSIVE]
{
  "total": 34,
  "failures": [],
  "reportPath": "/home/ubuntu/pmd/docs/responsive-audit-results.json"
}
RESPONSIVE_EXIT=0

[ACCESSIBILITY]
{
  "total": 34,
  "failures": 0,
  "reportPath": "/home/ubuntu/pmd/docs/accessibility-audit-results.json",
  "failureSummary": []
}
ACCESSIBILITY_EXIT=0
AUDITS_END=2026-08-17T13:47:31Z
