started=2026-08-18T02:17:44Z
=== TSC ===
tsc_exit=0
=== LINT ===
$ eslint .

/home/ubuntu/pmd/components/workspace/workspace-workspace.tsx
  121:6  warning  React Hook useEffect has a missing dependency: 'loadData'. Either include it or remove the dependency array  react-hooks/exhaustive-deps

✖ 1 problem (0 errors, 1 warning)

lint_exit=0
=== BUILD ===
▲ Next.js 16.3.0 (webpack)
✓ Running next.config.mjs took 8ms

⚠ The "middleware" file convention is deprecated. Please use "proxy" instead.

  To migrate automatically, run:
  npx @next/codemod@canary middleware-to-proxy .

  Learn more: https://nextjs.org/docs/messages/middleware-to-proxy
  Creating an optimized production build ...
⚠ Compiled with warnings in 864ms

./node_modules/.pnpm/next@16.3.0_@babel+core@7.29.7_supports-color@7.2.0__@types+node@24.10.4_react-dom@19.2.4_react@19.2.4__react@19.2.4/node_modules/next/dist/esm/server/app-render/dynamic-rendering.js
A Node.js API is used (process.cwd at line: 1044) which is not supported in the Edge Runtime.
Learn more: https://nextjs.org/docs/api-reference/edge-runtime

Import trace for requested module:
./node_modules/.pnpm/next@16.3.0_@babel+core@7.29.7_supports-color@7.2.0__@types+node@24.10.4_react-dom@19.2.4_react@19.2.4__react@19.2.4/node_modules/next/dist/esm/server/app-render/dynamic-rendering.js
./node_modules/.pnpm/next@16.3.0_@babel+core@7.29.7_supports-color@7.2.0__@types+node@24.10.4_react-dom@19.2.4_react@19.2.4__react@19.2.4/node_modules/next/dist/esm/server/request/connection.js
./node_modules/.pnpm/next@16.3.0_@babel+core@7.29.7_supports-color@7.2.0__@types+node@24.10.4_react-dom@19.2.4_react@19.2.4__react@19.2.4/node_modules/next/dist/esm/server/web/exports/index.js
./node_modules/.pnpm/next@16.3.0_@babel+core@7.29.7_supports-color@7.2.0__@types+node@24.10.4_react-dom@19.2.4_react@19.2.4__react@19.2.4/node_modules/next/dist/esm/api/server.js

./node_modules/.pnpm/next@16.3.0_@babel+core@7.29.7_supports-color@7.2.0__@types+node@24.10.4_react-dom@19.2.4_react@19.2.4__react@19.2.4/node_modules/next/dist/esm/server/app-render/dynamic-rendering.js
A Node.js API is used (process.cwd at line: 1044) which is not supported in the Edge Runtime.
Learn more: https://nextjs.org/docs/api-reference/edge-runtime

Import trace for requested module:
./node_modules/.pnpm/next@16.3.0_@babel+core@7.29.7_supports-color@7.2.0__@types+node@24.10.4_react-dom@19.2.4_react@19.2.4__react@19.2.4/node_modules/next/dist/esm/server/app-render/dynamic-rendering.js
./node_modules/.pnpm/next@16.3.0_@babel+core@7.29.7_supports-color@7.2.0__@types+node@24.10.4_react-dom@19.2.4_react@19.2.4__react@19.2.4/node_modules/next/dist/esm/server/request/connection.js
./node_modules/.pnpm/next@16.3.0_@babel+core@7.29.7_supports-color@7.2.0__@types+node@24.10.4_react-dom@19.2.4_react@19.2.4__react@19.2.4/node_modules/next/dist/esm/server/web/exports/index.js
./node_modules/.pnpm/next@16.3.0_@babel+core@7.29.7_supports-color@7.2.0__@types+node@24.10.4_react-dom@19.2.4_react@19.2.4__react@19.2.4/node_modules/next/dist/esm/api/server.js

✓ Compiled successfully in 15.6s
  Running TypeScript ...
  Finished TypeScript in 2.2s ...
  Collecting page data using 5 workers ...
  Generating static pages using 5 workers (0/27) ...
  Generating static pages using 5 workers (6/27)
  Generating static pages using 5 workers (13/27)
  Generating static pages using 5 workers (20/27)
✓ Generating static pages using 5 workers (27/27) in 432ms
  Finalizing page optimization ...
  Collecting build traces ...

Route (app)
┌ ○ /
├ ○ /_not-found
├ ○ /account
├ ƒ /api/account
├ ƒ /api/account/export
├ ƒ /api/archive
├ ƒ /api/archive/[kind]/[id]
├ ƒ /api/auth/[...all]
├ ƒ /api/calendar-events
├ ƒ /api/calendar-events/[id]
├ ƒ /api/clients
├ ƒ /api/clients/[id]
├ ƒ /api/clients/[id]/restore
├ ƒ /api/daily-plan
├ ƒ /api/daily-plan/[id]
├ ƒ /api/entertainment
├ ƒ /api/entertainment/[id]
├ ƒ /api/finance
├ ƒ /api/finance/[id]
├ ƒ /api/finance/budget
├ ƒ /api/goals
├ ƒ /api/goals/[id]
├ ƒ /api/habits
├ ƒ /api/habits/[id]
├ ƒ /api/journal
├ ƒ /api/journal/[id]
├ ƒ /api/notes
├ ƒ /api/notes/[id]
├ ƒ /api/profile
├ ƒ /api/projects
├ ƒ /api/projects/[id]
├ ƒ /api/projects/[id]/pricing
├ ƒ /api/projects/[id]/updates
├ ƒ /api/projects/pricing
├ ƒ /api/projects/pricing/[pricingId]
├ ƒ /api/projects/pricing/[pricingId]/collect
├ ƒ /api/projects/updates
├ ƒ /api/religious
├ ƒ /api/religious/quran
├ ƒ /api/religious/reciters
├ ƒ /api/religious/timings
├ ƒ /api/reminders
├ ƒ /api/reminders/[id]
├ ƒ /api/review
├ ƒ /api/tasks
├ ƒ /api/tasks/[id]
├ ƒ /api/tasks/[id]/subtasks
├ ƒ /api/tasks/[id]/subtasks/[subtaskId]
├ ƒ /api/workspaces
├ ƒ /api/workspaces/invitations
├ ƒ /api/workspaces/members/[memberId]
├ ○ /archive
├ ○ /board
├ ○ /calendar
├ ○ /daily-plan
├ ○ /design-system
├ ○ /entertainment
├ ○ /goals
├ ○ /habits
├ ○ /journal
├ ○ /login
├ ○ /money
├ ○ /notes
├ ○ /offline
├ ○ /onboarding
├ ○ /projects
├ ○ /religious
├ ○ /reminders
├ ○ /review
├ ○ /tasks
└ ○ /workspace


ƒ Proxy (Middleware)

○  (Static)   prerendered as static content
ƒ  (Dynamic)  server-rendered on demand

build_exit=0
=== DIFF CHECK ===
diff_check_exit=0
=== STATUS ===
 [31mM[m components/account/account-workspace.tsx
 [31mM[m components/auth/auth-form.tsx
 [31mM[m lib/auth-client.ts
 [31mM[m server/auth.ts
[31m??[m tsconfig.tsbuildinfo
[31m??[m verification/twofactor-browser-20260818.md
[31m??[m verification/twofactor-final-gates-20260818.log

=== UI QUALITY GATES ===
started=2026-08-18T02:18:50Z
Ownership: PASS — route_count=48, routes_with_session=44, routes_with_visible_ownership=44, missing_session_routes=0, missing_visible_ownership_routes=0.
Responsive: PASS — total=34, failures=0.
Accessibility: PASS — total=34, failures=0.
Browser: PASS for local/fixture coverage documented in verification/twofactor-browser-20260818.md. TOTP challenge, backup-code toggle, trust-device option, cancel flow, and local-mode messaging were visually verified. Real Better Auth success, recovery-code consumption/rotation, trust-device cookie issuance, and session revocation remain blocked pending credentials and a real database session.
Final status: TypeScript PASS; ESLint PASS with one pre-existing hooks warning; Webpack PASS with existing Next middleware/Edge informational warnings; git diff --check PASS.
